2025-12-18 14:04:18 [INFO] news_market_predictor.__main__:32: Starting News Market Predictor application
2025-12-18 14:04:18 [INFO] news_market_predictor.__main__:33: Configuration: Config(network=NetworkConfig(max_retries=3, retry_delay=1.0, timeout=30, rate_limit_delay=1.0), processing=ProcessingConfig(batch_size=10, max_content_length=50000, min_confidence_threshold=0.3), storage=StorageConfig(database_url=None, backup_enabled=True, data_retention_days=90), log_level='INFO', log_file='news_predictor.log')
2025-12-18 14:04:18 [INFO] news_market_predictor.__main__:38: News Market Predictor application completed successfully
2026-01-14 12:16:27 [INFO] news_market_predictor.__main__:353: Starting News Market Predictor application
2026-01-14 12:16:27 [DEBUG] news_market_predictor.__main__:354: Configuration: Config(network=NetworkConfig(max_retries=3, retry_delay=1.0, timeout=30, rate_limit_delay=1.0), processing=ProcessingConfig(batch_size=10, max_content_length=50000, min_confidence_threshold=0.3), storage=StorageConfig(database_url=None, backup_enabled=True, data_retention_days=90), log_level='INFO', log_file='news_predictor.log')
2026-01-14 12:16:27 [DEBUG] news_market_predictor.__main__:355: Arguments: Namespace(date=None, days_back=0, output=None, format='text', log_level=None, log_file=None, batch_size=None, max_retries=None, confidence_threshold=None, health_check=True, stats=False, verbose=False)
2026-01-14 12:16:27 [INFO] news_market_predictor.__main__:177: Initializing pipeline components...
2026-01-14 12:16:27 [ERROR] news_market_predictor.__main__:417: Unexpected error: YahooFinanceNewsFetcher.__init__() got an unexpected keyword argument 'retry_delay'
Traceback (most recent call last):
  File "C:\Users\MHamidbeygi\projects\news_market_predictor\main.py", line 358, in main
    pipeline = initialize_pipeline(config)
               ^^^^^^^^^^^^^^^^^^^^^^^^^^^
  File "C:\Users\MHamidbeygi\projects\news_market_predictor\main.py", line 180, in initialize_pipeline
    fetcher = YahooFinanceNewsFetcher(
              ^^^^^^^^^^^^^^^^^^^^^^^^
TypeError: YahooFinanceNewsFetcher.__init__() got an unexpected keyword argument 'retry_delay'
2026-01-14 12:17:31 [INFO] news_market_predictor.__main__:349: Starting News Market Predictor application
2026-01-14 12:17:31 [DEBUG] news_market_predictor.__main__:350: Configuration: Config(network=NetworkConfig(max_retries=3, retry_delay=1.0, timeout=30, rate_limit_delay=1.0), processing=ProcessingConfig(batch_size=10, max_content_length=50000, min_confidence_threshold=0.3), storage=StorageConfig(database_url=None, backup_enabled=True, data_retention_days=90), log_level='INFO', log_file='news_predictor.log')
2026-01-14 12:17:31 [DEBUG] news_market_predictor.__main__:351: Arguments: Namespace(date=None, days_back=0, output=None, format='text', log_level=None, log_file=None, batch_size=None, max_retries=None, confidence_threshold=None, health_check=True, stats=False, verbose=False)
2026-01-14 12:17:31 [INFO] news_market_predictor.__main__:177: Initializing pipeline components...
2026-01-14 12:17:31 [INFO] news_market_predictor.analyzer.sentiment_analyzer:71: VADER sentiment analyzer initialized successfully
2026-01-14 12:17:31 [INFO] news_market_predictor.__main__:205: Pipeline initialization complete
2026-01-14 12:17:41 [INFO] news_market_predictor.__main__:349: Starting News Market Predictor application
2026-01-14 12:17:41 [DEBUG] news_market_predictor.__main__:350: Configuration: Config(network=NetworkConfig(max_retries=3, retry_delay=1.0, timeout=30, rate_limit_delay=1.0), processing=ProcessingConfig(batch_size=10, max_content_length=50000, min_confidence_threshold=0.3), storage=StorageConfig(database_url=None, backup_enabled=True, data_retention_days=90), log_level='DEBUG', log_file='news_predictor.log')
2026-01-14 12:17:41 [DEBUG] news_market_predictor.__main__:351: Arguments: Namespace(date=None, days_back=1, output=None, format='text', log_level=None, log_file=None, batch_size=None, max_retries=None, confidence_threshold=None, health_check=False, stats=False, verbose=True)
2026-01-14 12:17:41 [INFO] news_market_predictor.__main__:177: Initializing pipeline components...
2026-01-14 12:17:41 [INFO] news_market_predictor.analyzer.sentiment_analyzer:71: VADER sentiment analyzer initialized successfully
2026-01-14 12:17:41 [INFO] news_market_predictor.__main__:205: Pipeline initialization complete
2026-01-14 12:17:41 [INFO] news_market_predictor.__main__:367: Analyzing news for: 2026-01-13 (1 days back)
2026-01-14 12:17:41 [INFO] news_market_predictor.__main__:373: Running daily analysis...
2026-01-14 12:17:41 [INFO] news_market_predictor.pipeline_manager:109: Starting daily analysis for 2026-01-13
2026-01-14 12:17:41 [INFO] news_market_predictor.fetcher.yahoo_finance_fetcher:186: Fetching daily news for 2026-01-13
2026-01-14 12:17:41 [DEBUG] news_market_predictor.fetcher.yahoo_finance_fetcher:193: Fetching from general feed: https://feeds.finance.yahoo.com/rss/2.0/headline
2026-01-14 12:17:41 [DEBUG] news_market_predictor.fetcher.yahoo_finance_fetcher:149: Fetching URL: https://feeds.finance.yahoo.com/rss/2.0/headline
2026-01-14 12:17:41 [ERROR] news_market_predictor.fetcher.yahoo_finance_fetcher:168: Request failed for https://feeds.finance.yahoo.com/rss/2.0/headline: 400 Client Error: Bad Request for url: https://feeds.finance.yahoo.com/rss/2.0/headline
2026-01-14 12:17:41 [WARNING] news_market_predictor.error_handling:446: Attempt 1 failed for make_request_with_retry: Failed to fetch https://feeds.finance.yahoo.com/rss/2.0/headline: 400 Client Error: Bad Request for url: https://feeds.finance.yahoo.com/rss/2.0/headline. Retrying in 1.00 seconds
2026-01-14 12:17:42 [DEBUG] news_market_predictor.fetcher.yahoo_finance_fetcher:149: Fetching URL: https://feeds.finance.yahoo.com/rss/2.0/headline
2026-01-14 12:17:42 [ERROR] news_market_predictor.fetcher.yahoo_finance_fetcher:168: Request failed for https://feeds.finance.yahoo.com/rss/2.0/headline: 400 Client Error: Bad Request for url: https://feeds.finance.yahoo.com/rss/2.0/headline
2026-01-14 12:17:42 [WARNING] news_market_predictor.error_handling:446: Attempt 2 failed for make_request_with_retry: Failed to fetch https://feeds.finance.yahoo.com/rss/2.0/headline: 400 Client Error: Bad Request for url: https://feeds.finance.yahoo.com/rss/2.0/headline. Retrying in 2.00 seconds
2026-01-14 12:17:44 [DEBUG] news_market_predictor.fetcher.yahoo_finance_fetcher:149: Fetching URL: https://feeds.finance.yahoo.com/rss/2.0/headline
2026-01-14 12:17:45 [ERROR] news_market_predictor.fetcher.yahoo_finance_fetcher:168: Request failed for https://feeds.finance.yahoo.com/rss/2.0/headline: 400 Client Error: Bad Request for url: https://feeds.finance.yahoo.com/rss/2.0/headline
2026-01-14 12:17:45 [WARNING] news_market_predictor.error_handling:446: Attempt 3 failed for make_request_with_retry: Failed to fetch https://feeds.finance.yahoo.com/rss/2.0/headline: 400 Client Error: Bad Request for url: https://feeds.finance.yahoo.com/rss/2.0/headline. Retrying in 4.00 seconds
2026-01-14 12:17:49 [DEBUG] news_market_predictor.fetcher.yahoo_finance_fetcher:149: Fetching URL: https://feeds.finance.yahoo.com/rss/2.0/headline
2026-01-14 12:17:49 [ERROR] news_market_predictor.fetcher.yahoo_finance_fetcher:168: Request failed for https://feeds.finance.yahoo.com/rss/2.0/headline: 400 Client Error: Bad Request for url: https://feeds.finance.yahoo.com/rss/2.0/headline
2026-01-14 12:17:49 [ERROR] news_market_predictor.error_handling:455: All 4 attempts failed for make_request_with_retry: Failed to fetch https://feeds.finance.yahoo.com/rss/2.0/headline: 400 Client Error: Bad Request for url: https://feeds.finance.yahoo.com/rss/2.0/headline
2026-01-14 12:17:49 [ERROR] news_market_predictor.fetcher.yahoo_finance_fetcher:230: Failed to fetch RSS feed https://feeds.finance.yahoo.com/rss/2.0/headline: Failed to fetch https://feeds.finance.yahoo.com/rss/2.0/headline: 400 Client Error: Bad Request for url: https://feeds.finance.yahoo.com/rss/2.0/headline
2026-01-14 12:17:49 [ERROR] news_market_predictor.fetcher.yahoo_finance_fetcher:198: Failed to fetch from general feed: Failed to fetch https://feeds.finance.yahoo.com/rss/2.0/headline: 400 Client Error: Bad Request for url: https://feeds.finance.yahoo.com/rss/2.0/headline
2026-01-14 12:17:49 [DEBUG] news_market_predictor.fetcher.yahoo_finance_fetcher:193: Fetching from markets feed: https://feeds.finance.yahoo.com/rss/2.0/category-markets
2026-01-14 12:17:49 [INFO] news_market_predictor.error_handling:86: Rate limit reached, waiting 0.96 seconds
2026-01-14 12:17:50 [DEBUG] news_market_predictor.fetcher.yahoo_finance_fetcher:149: Fetching URL: https://feeds.finance.yahoo.com/rss/2.0/category-markets
2026-01-14 12:17:50 [ERROR] news_market_predictor.fetcher.yahoo_finance_fetcher:168: Request failed for https://feeds.finance.yahoo.com/rss/2.0/category-markets: 404 Client Error: Not Found on Accelerator for url: https://feeds.finance.yahoo.com/rss/2.0/category-markets
2026-01-14 12:17:50 [WARNING] news_market_predictor.error_handling:446: Attempt 1 failed for make_request_with_retry: Failed to fetch https://feeds.finance.yahoo.com/rss/2.0/category-markets: 404 Client Error: Not Found on Accelerator for url: https://feeds.finance.yahoo.com/rss/2.0/category-markets. Retrying in 1.00 seconds
2026-01-14 12:17:51 [DEBUG] news_market_predictor.fetcher.yahoo_finance_fetcher:149: Fetching URL: https://feeds.finance.yahoo.com/rss/2.0/category-markets
2026-01-14 12:17:51 [ERROR] news_market_predictor.fetcher.yahoo_finance_fetcher:168: Request failed for https://feeds.finance.yahoo.com/rss/2.0/category-markets: 404 Client Error: Not Found on Accelerator for url: https://feeds.finance.yahoo.com/rss/2.0/category-markets
2026-01-14 12:17:51 [WARNING] news_market_predictor.error_handling:446: Attempt 2 failed for make_request_with_retry: Failed to fetch https://feeds.finance.yahoo.com/rss/2.0/category-markets: 404 Client Error: Not Found on Accelerator for url: https://feeds.finance.yahoo.com/rss/2.0/category-markets. Retrying in 2.00 seconds
2026-01-14 12:17:53 [DEBUG] news_market_predictor.fetcher.yahoo_finance_fetcher:149: Fetching URL: https://feeds.finance.yahoo.com/rss/2.0/category-markets
2026-01-14 12:17:53 [ERROR] news_market_predictor.fetcher.yahoo_finance_fetcher:168: Request failed for https://feeds.finance.yahoo.com/rss/2.0/category-markets: 404 Client Error: Not Found on Accelerator for url: https://feeds.finance.yahoo.com/rss/2.0/category-markets
2026-01-14 12:17:53 [WARNING] news_market_predictor.error_handling:446: Attempt 3 failed for make_request_with_retry: Failed to fetch https://feeds.finance.yahoo.com/rss/2.0/category-markets: 404 Client Error: Not Found on Accelerator for url: https://feeds.finance.yahoo.com/rss/2.0/category-markets. Retrying in 4.00 seconds
2026-01-14 12:17:57 [DEBUG] news_market_predictor.fetcher.yahoo_finance_fetcher:149: Fetching URL: https://feeds.finance.yahoo.com/rss/2.0/category-markets
2026-01-14 12:17:57 [ERROR] news_market_predictor.fetcher.yahoo_finance_fetcher:168: Request failed for https://feeds.finance.yahoo.com/rss/2.0/category-markets: 404 Client Error: Not Found on Accelerator for url: https://feeds.finance.yahoo.com/rss/2.0/category-markets
2026-01-14 12:17:57 [ERROR] news_market_predictor.error_handling:455: All 4 attempts failed for make_request_with_retry: Failed to fetch https://feeds.finance.yahoo.com/rss/2.0/category-markets: 404 Client Error: Not Found on Accelerator for url: https://feeds.finance.yahoo.com/rss/2.0/category-markets
2026-01-14 12:17:57 [ERROR] news_market_predictor.fetcher.yahoo_finance_fetcher:230: Failed to fetch RSS feed https://feeds.finance.yahoo.com/rss/2.0/category-markets: Failed to fetch https://feeds.finance.yahoo.com/rss/2.0/category-markets: 404 Client Error: Not Found on Accelerator for url: https://feeds.finance.yahoo.com/rss/2.0/category-markets
2026-01-14 12:17:57 [ERROR] news_market_predictor.fetcher.yahoo_finance_fetcher:198: Failed to fetch from markets feed: Failed to fetch https://feeds.finance.yahoo.com/rss/2.0/category-markets: 404 Client Error: Not Found on Accelerator for url: https://feeds.finance.yahoo.com/rss/2.0/category-markets
2026-01-14 12:17:57 [DEBUG] news_market_predictor.fetcher.yahoo_finance_fetcher:193: Fetching from earnings feed: https://feeds.finance.yahoo.com/rss/2.0/category-earnings
2026-01-14 12:17:57 [INFO] news_market_predictor.error_handling:86: Rate limit reached, waiting 0.96 seconds
2026-01-14 12:17:58 [DEBUG] news_market_predictor.fetcher.yahoo_finance_fetcher:149: Fetching URL: https://feeds.finance.yahoo.com/rss/2.0/category-earnings
2026-01-14 12:17:58 [ERROR] news_market_predictor.fetcher.yahoo_finance_fetcher:168: Request failed for https://feeds.finance.yahoo.com/rss/2.0/category-earnings: 404 Client Error: Not Found on Accelerator for url: https://feeds.finance.yahoo.com/rss/2.0/category-earnings
2026-01-14 12:17:58 [WARNING] news_market_predictor.error_handling:446: Attempt 1 failed for make_request_with_retry: Failed to fetch https://feeds.finance.yahoo.com/rss/2.0/category-earnings: 404 Client Error: Not Found on Accelerator for url: https://feeds.finance.yahoo.com/rss/2.0/category-earnings. Retrying in 1.00 seconds
2026-01-14 12:17:59 [DEBUG] news_market_predictor.fetcher.yahoo_finance_fetcher:149: Fetching URL: https://feeds.finance.yahoo.com/rss/2.0/category-earnings
2026-01-14 12:17:59 [ERROR] news_market_predictor.fetcher.yahoo_finance_fetcher:168: Request failed for https://feeds.finance.yahoo.com/rss/2.0/category-earnings: 404 Client Error: Not Found on Accelerator for url: https://feeds.finance.yahoo.com/rss/2.0/category-earnings
2026-01-14 12:17:59 [WARNING] news_market_predictor.error_handling:446: Attempt 2 failed for make_request_with_retry: Failed to fetch https://feeds.finance.yahoo.com/rss/2.0/category-earnings: 404 Client Error: Not Found on Accelerator for url: https://feeds.finance.yahoo.com/rss/2.0/category-earnings. Retrying in 2.00 seconds
2026-01-14 12:18:01 [DEBUG] news_market_predictor.fetcher.yahoo_finance_fetcher:149: Fetching URL: https://feeds.finance.yahoo.com/rss/2.0/category-earnings
2026-01-14 12:18:01 [ERROR] news_market_predictor.fetcher.yahoo_finance_fetcher:168: Request failed for https://feeds.finance.yahoo.com/rss/2.0/category-earnings: 404 Client Error: Not Found on Accelerator for url: https://feeds.finance.yahoo.com/rss/2.0/category-earnings
2026-01-14 12:18:01 [WARNING] news_market_predictor.error_handling:446: Attempt 3 failed for make_request_with_retry: Failed to fetch https://feeds.finance.yahoo.com/rss/2.0/category-earnings: 404 Client Error: Not Found on Accelerator for url: https://feeds.finance.yahoo.com/rss/2.0/category-earnings. Retrying in 4.00 seconds
2026-01-14 12:18:05 [DEBUG] news_market_predictor.fetcher.yahoo_finance_fetcher:149: Fetching URL: https://feeds.finance.yahoo.com/rss/2.0/category-earnings
2026-01-14 12:18:05 [ERROR] news_market_predictor.fetcher.yahoo_finance_fetcher:168: Request failed for https://feeds.finance.yahoo.com/rss/2.0/category-earnings: 404 Client Error: Not Found on Accelerator for url: https://feeds.finance.yahoo.com/rss/2.0/category-earnings
2026-01-14 12:18:05 [ERROR] news_market_predictor.error_handling:455: All 4 attempts failed for make_request_with_retry: Failed to fetch https://feeds.finance.yahoo.com/rss/2.0/category-earnings: 404 Client Error: Not Found on Accelerator for url: https://feeds.finance.yahoo.com/rss/2.0/category-earnings
2026-01-14 12:18:05 [ERROR] news_market_predictor.fetcher.yahoo_finance_fetcher:230: Failed to fetch RSS feed https://feeds.finance.yahoo.com/rss/2.0/category-earnings: Failed to fetch https://feeds.finance.yahoo.com/rss/2.0/category-earnings: 404 Client Error: Not Found on Accelerator for url: https://feeds.finance.yahoo.com/rss/2.0/category-earnings
2026-01-14 12:18:05 [ERROR] news_market_predictor.fetcher.yahoo_finance_fetcher:198: Failed to fetch from earnings feed: Failed to fetch https://feeds.finance.yahoo.com/rss/2.0/category-earnings: 404 Client Error: Not Found on Accelerator for url: https://feeds.finance.yahoo.com/rss/2.0/category-earnings
2026-01-14 12:18:05 [DEBUG] news_market_predictor.fetcher.yahoo_finance_fetcher:193: Fetching from tech feed: https://feeds.finance.yahoo.com/rss/2.0/category-tech
2026-01-14 12:18:05 [INFO] news_market_predictor.error_handling:86: Rate limit reached, waiting 0.95 seconds
2026-01-14 12:18:06 [DEBUG] news_market_predictor.fetcher.yahoo_finance_fetcher:149: Fetching URL: https://feeds.finance.yahoo.com/rss/2.0/category-tech
2026-01-14 12:18:06 [ERROR] news_market_predictor.fetcher.yahoo_finance_fetcher:168: Request failed for https://feeds.finance.yahoo.com/rss/2.0/category-tech: 404 Client Error: Not Found on Accelerator for url: https://feeds.finance.yahoo.com/rss/2.0/category-tech
2026-01-14 12:18:06 [WARNING] news_market_predictor.error_handling:446: Attempt 1 failed for make_request_with_retry: Failed to fetch https://feeds.finance.yahoo.com/rss/2.0/category-tech: 404 Client Error: Not Found on Accelerator for url: https://feeds.finance.yahoo.com/rss/2.0/category-tech. Retrying in 1.00 seconds
2026-01-14 12:18:07 [DEBUG] news_market_predictor.fetcher.yahoo_finance_fetcher:149: Fetching URL: https://feeds.finance.yahoo.com/rss/2.0/category-tech
2026-01-14 12:18:07 [ERROR] news_market_predictor.fetcher.yahoo_finance_fetcher:168: Request failed for https://feeds.finance.yahoo.com/rss/2.0/category-tech: 404 Client Error: Not Found on Accelerator for url: https://feeds.finance.yahoo.com/rss/2.0/category-tech
2026-01-14 12:18:07 [WARNING] news_market_predictor.error_handling:446: Attempt 2 failed for make_request_with_retry: Failed to fetch https://feeds.finance.yahoo.com/rss/2.0/category-tech: 404 Client Error: Not Found on Accelerator for url: https://feeds.finance.yahoo.com/rss/2.0/category-tech. Retrying in 2.00 seconds
2026-01-14 12:18:09 [DEBUG] news_market_predictor.fetcher.yahoo_finance_fetcher:149: Fetching URL: https://feeds.finance.yahoo.com/rss/2.0/category-tech
2026-01-14 12:18:09 [ERROR] news_market_predictor.fetcher.yahoo_finance_fetcher:168: Request failed for https://feeds.finance.yahoo.com/rss/2.0/category-tech: 404 Client Error: Not Found on Accelerator for url: https://feeds.finance.yahoo.com/rss/2.0/category-tech
2026-01-14 12:18:09 [WARNING] news_market_predictor.error_handling:446: Attempt 3 failed for make_request_with_retry: Failed to fetch https://feeds.finance.yahoo.com/rss/2.0/category-tech: 404 Client Error: Not Found on Accelerator for url: https://feeds.finance.yahoo.com/rss/2.0/category-tech. Retrying in 4.00 seconds
2026-01-14 12:18:13 [DEBUG] news_market_predictor.fetcher.yahoo_finance_fetcher:149: Fetching URL: https://feeds.finance.yahoo.com/rss/2.0/category-tech
2026-01-14 12:18:13 [ERROR] news_market_predictor.fetcher.yahoo_finance_fetcher:168: Request failed for https://feeds.finance.yahoo.com/rss/2.0/category-tech: 404 Client Error: Not Found on Accelerator for url: https://feeds.finance.yahoo.com/rss/2.0/category-tech
2026-01-14 12:18:13 [ERROR] news_market_predictor.error_handling:455: All 4 attempts failed for make_request_with_retry: Failed to fetch https://feeds.finance.yahoo.com/rss/2.0/category-tech: 404 Client Error: Not Found on Accelerator for url: https://feeds.finance.yahoo.com/rss/2.0/category-tech
2026-01-14 12:18:13 [ERROR] news_market_predictor.fetcher.yahoo_finance_fetcher:230: Failed to fetch RSS feed https://feeds.finance.yahoo.com/rss/2.0/category-tech: Failed to fetch https://feeds.finance.yahoo.com/rss/2.0/category-tech: 404 Client Error: Not Found on Accelerator for url: https://feeds.finance.yahoo.com/rss/2.0/category-tech
2026-01-14 12:18:13 [ERROR] news_market_predictor.fetcher.yahoo_finance_fetcher:198: Failed to fetch from tech feed: Failed to fetch https://feeds.finance.yahoo.com/rss/2.0/category-tech: 404 Client Error: Not Found on Accelerator for url: https://feeds.finance.yahoo.com/rss/2.0/category-tech
2026-01-14 12:18:13 [INFO] news_market_predictor.fetcher.yahoo_finance_fetcher:208: Fetched 0 unique articles for 2026-01-13
2026-01-14 12:18:13 [WARNING] news_market_predictor.pipeline_manager:115: No articles fetched for 2026-01-13
2026-01-14 12:18:13 [INFO] news_market_predictor.__main__:393: News Market Predictor application completed successfully
2026-01-14 12:19:55 [INFO] news_market_predictor.__main__:348: Starting News Market Predictor application
2026-01-14 12:19:55 [DEBUG] news_market_predictor.__main__:349: Configuration: Config(network=NetworkConfig(max_retries=3, retry_delay=1.0, timeout=30, rate_limit_delay=1.0), processing=ProcessingConfig(batch_size=10, max_content_length=50000, min_confidence_threshold=0.3), storage=StorageConfig(database_url=None, backup_enabled=True, data_retention_days=90), log_level='INFO', log_file='news_predictor.log')
2026-01-14 12:19:55 [DEBUG] news_market_predictor.__main__:350: Arguments: Namespace(date=None, days_back=0, output=None, format='text', log_level=None, log_file=None, batch_size=None, max_retries=None, confidence_threshold=None, health_check=True, stats=False, verbose=False)
2026-01-14 12:19:55 [INFO] news_market_predictor.__main__:177: Initializing pipeline components...
2026-01-14 12:19:55 [INFO] news_market_predictor.analyzer.sentiment_analyzer:71: VADER sentiment analyzer initialized successfully
2026-01-14 12:19:55 [INFO] news_market_predictor.__main__:205: Pipeline initialization complete
2026-01-14 13:09:22 [INFO] news_market_predictor.__main__:348: Starting News Market Predictor application
2026-01-14 13:09:22 [DEBUG] news_market_predictor.__main__:349: Configuration: Config(network=NetworkConfig(max_retries=3, retry_delay=1.0, timeout=30, rate_limit_delay=1.0), processing=ProcessingConfig(batch_size=10, max_content_length=50000, min_confidence_threshold=0.3), storage=StorageConfig(database_url=None, backup_enabled=True, data_retention_days=90), log_level='INFO', log_file='news_predictor.log')
2026-01-14 13:09:22 [DEBUG] news_market_predictor.__main__:350: Arguments: Namespace(date=None, days_back=0, output=None, format='text', log_level=None, log_file=None, batch_size=None, max_retries=None, confidence_threshold=None, health_check=False, stats=False, verbose=False)
2026-01-14 13:09:22 [INFO] news_market_predictor.__main__:177: Initializing pipeline components...
2026-01-14 13:09:22 [INFO] news_market_predictor.analyzer.sentiment_analyzer:71: VADER sentiment analyzer initialized successfully
2026-01-14 13:09:22 [INFO] news_market_predictor.__main__:205: Pipeline initialization complete
2026-01-14 13:09:22 [INFO] news_market_predictor.__main__:366: Analyzing news for: 2026-01-14 (0 days back)
2026-01-14 13:09:22 [INFO] news_market_predictor.__main__:372: Running daily analysis...
2026-01-14 13:09:22 [INFO] news_market_predictor.pipeline_manager:109: Starting daily analysis for 2026-01-14
2026-01-14 13:09:22 [INFO] news_market_predictor.fetcher.yahoo_finance_fetcher:193: Fetching daily news for 2026-01-14
2026-01-14 13:09:22 [DEBUG] news_market_predictor.fetcher.yahoo_finance_fetcher:200: Fetching from general feed: https://feeds.finance.yahoo.com/rss/2.0/headline
2026-01-14 13:09:22 [DEBUG] news_market_predictor.fetcher.yahoo_finance_fetcher:149: Fetching URL: https://feeds.finance.yahoo.com/rss/2.0/headline
2026-01-14 13:09:23 [ERROR] news_market_predictor.fetcher.yahoo_finance_fetcher:175: Request failed for https://feeds.finance.yahoo.com/rss/2.0/headline: 400 Client Error: Bad Request for url: https://feeds.finance.yahoo.com/rss/2.0/headline
2026-01-14 13:09:23 [WARNING] news_market_predictor.error_handling:453: Attempt 1 failed for make_request_with_retry: Failed to fetch https://feeds.finance.yahoo.com/rss/2.0/headline: 400 Client Error: Bad Request for url: https://feeds.finance.yahoo.com/rss/2.0/headline. Retrying in 1.00 seconds
2026-01-14 13:09:24 [DEBUG] news_market_predictor.fetcher.yahoo_finance_fetcher:149: Fetching URL: https://feeds.finance.yahoo.com/rss/2.0/headline
2026-01-14 13:09:24 [ERROR] news_market_predictor.fetcher.yahoo_finance_fetcher:175: Request failed for https://feeds.finance.yahoo.com/rss/2.0/headline: 400 Client Error: Bad Request for url: https://feeds.finance.yahoo.com/rss/2.0/headline
2026-01-14 13:09:24 [WARNING] news_market_predictor.error_handling:453: Attempt 2 failed for make_request_with_retry: Failed to fetch https://feeds.finance.yahoo.com/rss/2.0/headline: 400 Client Error: Bad Request for url: https://feeds.finance.yahoo.com/rss/2.0/headline. Retrying in 2.00 seconds
2026-01-14 13:09:26 [DEBUG] news_market_predictor.fetcher.yahoo_finance_fetcher:149: Fetching URL: https://feeds.finance.yahoo.com/rss/2.0/headline
2026-01-14 13:09:26 [ERROR] news_market_predictor.fetcher.yahoo_finance_fetcher:175: Request failed for https://feeds.finance.yahoo.com/rss/2.0/headline: 400 Client Error: Bad Request for url: https://feeds.finance.yahoo.com/rss/2.0/headline
2026-01-14 13:09:26 [WARNING] news_market_predictor.error_handling:453: Attempt 3 failed for make_request_with_retry: Failed to fetch https://feeds.finance.yahoo.com/rss/2.0/headline: 400 Client Error: Bad Request for url: https://feeds.finance.yahoo.com/rss/2.0/headline. Retrying in 4.00 seconds
2026-01-14 13:09:30 [DEBUG] news_market_predictor.fetcher.yahoo_finance_fetcher:149: Fetching URL: https://feeds.finance.yahoo.com/rss/2.0/headline
2026-01-14 13:09:30 [ERROR] news_market_predictor.fetcher.yahoo_finance_fetcher:175: Request failed for https://feeds.finance.yahoo.com/rss/2.0/headline: 400 Client Error: Bad Request for url: https://feeds.finance.yahoo.com/rss/2.0/headline
2026-01-14 13:09:30 [ERROR] news_market_predictor.error_handling:462: All 4 attempts failed for make_request_with_retry: Failed to fetch https://feeds.finance.yahoo.com/rss/2.0/headline: 400 Client Error: Bad Request for url: https://feeds.finance.yahoo.com/rss/2.0/headline
2026-01-14 13:09:30 [ERROR] news_market_predictor.fetcher.yahoo_finance_fetcher:237: Failed to fetch RSS feed https://feeds.finance.yahoo.com/rss/2.0/headline: Failed to fetch https://feeds.finance.yahoo.com/rss/2.0/headline: 400 Client Error: Bad Request for url: https://feeds.finance.yahoo.com/rss/2.0/headline
2026-01-14 13:09:30 [ERROR] news_market_predictor.fetcher.yahoo_finance_fetcher:205: Failed to fetch from general feed: Failed to fetch https://feeds.finance.yahoo.com/rss/2.0/headline: 400 Client Error: Bad Request for url: https://feeds.finance.yahoo.com/rss/2.0/headline
2026-01-14 13:09:30 [DEBUG] news_market_predictor.fetcher.yahoo_finance_fetcher:200: Fetching from markets feed: https://feeds.finance.yahoo.com/rss/2.0/category-markets
2026-01-14 13:09:30 [INFO] news_market_predictor.error_handling:86: Rate limit reached, waiting 0.97 seconds
2026-01-14 13:09:31 [DEBUG] news_market_predictor.fetcher.yahoo_finance_fetcher:149: Fetching URL: https://feeds.finance.yahoo.com/rss/2.0/category-markets
2026-01-14 13:09:31 [ERROR] news_market_predictor.fetcher.yahoo_finance_fetcher:175: Request failed for https://feeds.finance.yahoo.com/rss/2.0/category-markets: 404 Client Error: Not Found on Accelerator for url: https://feeds.finance.yahoo.com/rss/2.0/category-markets
2026-01-14 13:09:31 [WARNING] news_market_predictor.error_handling:453: Attempt 1 failed for make_request_with_retry: Failed to fetch https://feeds.finance.yahoo.com/rss/2.0/category-markets: 404 Client Error: Not Found on Accelerator for url: https://feeds.finance.yahoo.com/rss/2.0/category-markets. Retrying in 1.00 seconds
2026-01-14 13:09:32 [DEBUG] news_market_predictor.fetcher.yahoo_finance_fetcher:149: Fetching URL: https://feeds.finance.yahoo.com/rss/2.0/category-markets
2026-01-14 13:09:32 [ERROR] news_market_predictor.fetcher.yahoo_finance_fetcher:175: Request failed for https://feeds.finance.yahoo.com/rss/2.0/category-markets: 404 Client Error: Not Found on Accelerator for url: https://feeds.finance.yahoo.com/rss/2.0/category-markets
2026-01-14 13:09:32 [WARNING] news_market_predictor.error_handling:453: Attempt 2 failed for make_request_with_retry: Failed to fetch https://feeds.finance.yahoo.com/rss/2.0/category-markets: 404 Client Error: Not Found on Accelerator for url: https://feeds.finance.yahoo.com/rss/2.0/category-markets. Retrying in 2.00 seconds
2026-01-14 13:09:34 [DEBUG] news_market_predictor.fetcher.yahoo_finance_fetcher:149: Fetching URL: https://feeds.finance.yahoo.com/rss/2.0/category-markets
2026-01-14 13:09:34 [ERROR] news_market_predictor.fetcher.yahoo_finance_fetcher:175: Request failed for https://feeds.finance.yahoo.com/rss/2.0/category-markets: 404 Client Error: Not Found on Accelerator for url: https://feeds.finance.yahoo.com/rss/2.0/category-markets
2026-01-14 13:09:34 [WARNING] news_market_predictor.error_handling:453: Attempt 3 failed for make_request_with_retry: Failed to fetch https://feeds.finance.yahoo.com/rss/2.0/category-markets: 404 Client Error: Not Found on Accelerator for url: https://feeds.finance.yahoo.com/rss/2.0/category-markets. Retrying in 4.00 seconds
2026-01-14 13:09:38 [DEBUG] news_market_predictor.fetcher.yahoo_finance_fetcher:149: Fetching URL: https://feeds.finance.yahoo.com/rss/2.0/category-markets
2026-01-14 13:09:38 [ERROR] news_market_predictor.fetcher.yahoo_finance_fetcher:175: Request failed for https://feeds.finance.yahoo.com/rss/2.0/category-markets: 404 Client Error: Not Found on Accelerator for url: https://feeds.finance.yahoo.com/rss/2.0/category-markets
2026-01-14 13:09:38 [ERROR] news_market_predictor.error_handling:462: All 4 attempts failed for make_request_with_retry: Failed to fetch https://feeds.finance.yahoo.com/rss/2.0/category-markets: 404 Client Error: Not Found on Accelerator for url: https://feeds.finance.yahoo.com/rss/2.0/category-markets
2026-01-14 13:09:38 [ERROR] news_market_predictor.fetcher.yahoo_finance_fetcher:237: Failed to fetch RSS feed https://feeds.finance.yahoo.com/rss/2.0/category-markets: Failed to fetch https://feeds.finance.yahoo.com/rss/2.0/category-markets: 404 Client Error: Not Found on Accelerator for url: https://feeds.finance.yahoo.com/rss/2.0/category-markets
2026-01-14 13:09:38 [ERROR] news_market_predictor.fetcher.yahoo_finance_fetcher:205: Failed to fetch from markets feed: Failed to fetch https://feeds.finance.yahoo.com/rss/2.0/category-markets: 404 Client Error: Not Found on Accelerator for url: https://feeds.finance.yahoo.com/rss/2.0/category-markets
2026-01-14 13:09:38 [DEBUG] news_market_predictor.fetcher.yahoo_finance_fetcher:200: Fetching from earnings feed: https://feeds.finance.yahoo.com/rss/2.0/category-earnings
2026-01-14 13:09:38 [INFO] news_market_predictor.error_handling:86: Rate limit reached, waiting 0.97 seconds
2026-01-14 13:09:39 [DEBUG] news_market_predictor.fetcher.yahoo_finance_fetcher:149: Fetching URL: https://feeds.finance.yahoo.com/rss/2.0/category-earnings
2026-01-14 13:09:39 [ERROR] news_market_predictor.fetcher.yahoo_finance_fetcher:175: Request failed for https://feeds.finance.yahoo.com/rss/2.0/category-earnings: 404 Client Error: Not Found on Accelerator for url: https://feeds.finance.yahoo.com/rss/2.0/category-earnings
2026-01-14 13:09:39 [WARNING] news_market_predictor.error_handling:453: Attempt 1 failed for make_request_with_retry: Failed to fetch https://feeds.finance.yahoo.com/rss/2.0/category-earnings: 404 Client Error: Not Found on Accelerator for url: https://feeds.finance.yahoo.com/rss/2.0/category-earnings. Retrying in 1.00 seconds
